
Admin@DESKTOP-OJ58KBD MINGW64 ~
$ cd

Admin@DESKTOP-OJ58KBD MINGW64 ~
$ cd C:/Users/Admin/Desktop/IronHack/Main_Task/ironhack/IH-labs/lab-bash

Admin@DESKTOP-OJ58KBD MINGW64 ~/Desktop/IronHack/Main_Task/ironhack/IH-labs/lab-bash (master)
$ ls
exercices/  greet.txt  inputs/  lorem/  lorem-copy/  outputs/  readme.md

Admin@DESKTOP-OJ58KBD MINGW64 ~/Desktop/IronHack/Main_Task/ironhack/IH-labs/lab-bash (master)
$ echo "Hello World"
Hello World

Admin@DESKTOP-OJ58KBD MINGW64 ~/Desktop/IronHack/Main_Task/ironhack/IH-labs/lab-bash (master)
$ mkdir new_dir

Admin@DESKTOP-OJ58KBD MINGW64 ~/Desktop/IronHack/Main_Task/ironhack/IH-labs/lab-bash (master)
$ rmdir new_dir

Admin@DESKTOP-OJ58KBD MINGW64 ~/Desktop/IronHack/Main_Task/ironhack/IH-labs/lab-bash (master)
$ cp lorem/sed.txt lorem-copy

Admin@DESKTOP-OJ58KBD MINGW64 ~/Desktop/IronHack/Main_Task/ironhack/IH-labs/lab-bash (master)
$ cp lorem/at.txt lorem/lorem.txt lorem copy
cp: target 'copy' is not a directory

Admin@DESKTOP-OJ58KBD MINGW64 ~/Desktop/IronHack/Main_Task/ironhack/IH-labs/lab-bash (master)
$ cp lorem/at.txt lorem/lorem.txt lorem-copy

Admin@DESKTOP-OJ58KBD MINGW64 ~/Desktop/IronHack/Main_Task/ironhack/IH-labs/lab-bash (master)
$ cd lorem

Admin@DESKTOP-OJ58KBD MINGW64 ~/Desktop/IronHack/Main_Task/ironhack/IH-labs/lab-bash/lorem (master)
$ cat sed.txt
Sed ut perspiciatis unde omnis iste natus error sit voluptatem accusantium doloremque laudantium,
totam rem aperiam, eaque ipsa quae ab illo inventore veritatis et quasi architecto beatae vitae dicta sunt explicabo.
Nemo enim ipsam voluptatem quia voluptas sit aspernatur aut odit aut fugit,
sed quia consequuntur magni dolores eos qui ratione voluptatem sequi nesciunt.
Neque porro quisquam est, qui dolorem ipsum quia dolor sit amet, consectetur, adipisci velit,
sed quia non numquam eius modi tempora incidunt ut labore et dolore magnam aliquam quaerat voluptatem.
Ut enim ad minima veniam, quis nostrum exercitationem ullam corporis suscipit laboriosam,
nisi ut aliquid ex ea commodi consequatur? Quis autem vel eum iure reprehenderit qui in ea voluptate velit esse quam nihil molestiae consequatur,
vel illum qui dolorem eum fugiat quo voluptas nulla pariatur?Homo homini lupus

Admin@DESKTOP-OJ58KBD MINGW64 ~/Desktop/IronHack/Main_Task/ironhack/IH-labs/lab-bash/lorem (master)
$ cat at.txt
At vero eos ET accusamus ET iusto odio dignissimos ducimus qui blanditiis praesentium voluptatum
deleniti atque corrupti quos dolores ET quas molestias excepturi sint occaecati cupiditate non
provident, similique sunt in culpa qui officia deserunt mollitia animi, id est laborum ET dolorum fuga.
Et harum quidem rerum facilis est ET expedita distinctio.
Nam libero tempore, cum soluta nobis est eligendi optio cumque nihil impedit quo minus id quod
maxime placeat facere possimus, omnis voluptas assumenda est, omnis dolor repellendus.
Temporibus autem quibusdam ET aut officiis debitis aut rerum necessitatibus saepe eveniET
ut ET voluptates repudiandae sint ET molestiae non recusandae.
Itaque earum rerum hic tenETur a sapiente delectus, ut aut reiciendis voluptatibus maiores
alias consequatur aut perferendis doloribus asperiores repellat

Admin@DESKTOP-OJ58KBD MINGW64 ~/Desktop/IronHack/Main_Task/ironhack/IH-labs/lab-bash/lorem (master)
$ head -n 3 at.txt
At vero eos ET accusamus ET iusto odio dignissimos ducimus qui blanditiis praesentium voluptatum
deleniti atque corrupti quos dolores ET quas molestias excepturi sint occaecati cupiditate non
provident, similique sunt in culpa qui officia deserunt mollitia animi, id est laborum ET dolorum fuga.

Admin@DESKTOP-OJ58KBD MINGW64 ~/Desktop/IronHack/Main_Task/ironhack/IH-labs/lab-bash/lorem (master)
$ cd ..

Admin@DESKTOP-OJ58KBD MINGW64 ~/Desktop/IronHack/Main_Task/ironhack/IH-labs/lab-bash (master)
$ cd lorem-copy

Admin@DESKTOP-OJ58KBD MINGW64 ~/Desktop/IronHack/Main_Task/ironhack/IH-labs/lab-bash/lorem-copy (master)
$ ls
at.txt  dummy_file.txt  lorem.txt  sed.txt

Admin@DESKTOP-OJ58KBD MINGW64 ~/Desktop/IronHack/Main_Task/ironhack/IH-labs/lab-bash/lorem-copy (master)
$ head -n 3 sed.txt
Sed ut perspiciatis unde omnis iste natus error sit voluptatem accusantium doloremque laudantium,
totam rem aperiam, eaque ipsa quae ab illo inventore veritatis et quasi architecto beatae vitae dicta sunt explicabo.
Nemo enim ipsam voluptatem quia voluptas sit aspernatur aut odit aut fugit,

Admin@DESKTOP-OJ58KBD MINGW64 ~/Desktop/IronHack/Main_Task/ironhack/IH-labs/lab-bash/lorem-copy (master)
$ echo "Homo homini lupus" >>sed.txt

Admin@DESKTOP-OJ58KBD MINGW64 ~/Desktop/IronHack/Main_Task/ironhack/IH-labs/lab-bash/lorem-copy (master)
$ tail -n 3 sed.txt
nisi ut aliquid ex ea commodi consequatur? Quis autem vel eum iure reprehenderit qui in ea voluptate velit esse quam nihil molestiae consequatur,
vel illum qui dolorem eum fugiat quo voluptas nulla pariatur?Homo homini lupus
Homo homini lupus

Admin@DESKTOP-OJ58KBD MINGW64 ~/Desktop/IronHack/Main_Task/ironhack/IH-labs/lab-bash/lorem-copy (master)
$ cd ..

Admin@DESKTOP-OJ58KBD MINGW64 ~/Desktop/IronHack/Main_Task/ironhack/IH-labs/lab-bash (master)
$ cd lorem

Admin@DESKTOP-OJ58KBD MINGW64 ~/Desktop/IronHack/Main_Task/ironhack/IH-labs/lab-bash/lorem (master)
$ sed -i 's/et/ET/g' at.txt

Admin@DESKTOP-OJ58KBD MINGW64 ~/Desktop/IronHack/Main_Task/ironhack/IH-labs/lab-bash/lorem (master)
$ ls at.txt
at.txt

Admin@DESKTOP-OJ58KBD MINGW64 ~/Desktop/IronHack/Main_Task/ironhack/IH-labs/lab-bash/lorem (master)
$ cat at.txt
At vero eos ET accusamus ET iusto odio dignissimos ducimus qui blanditiis praesentium voluptatum
deleniti atque corrupti quos dolores ET quas molestias excepturi sint occaecati cupiditate non
provident, similique sunt in culpa qui officia deserunt mollitia animi, id est laborum ET dolorum fuga.
Et harum quidem rerum facilis est ET expedita distinctio.
Nam libero tempore, cum soluta nobis est eligendi optio cumque nihil impedit quo minus id quod
maxime placeat facere possimus, omnis voluptas assumenda est, omnis dolor repellendus.
Temporibus autem quibusdam ET aut officiis debitis aut rerum necessitatibus saepe eveniET
ut ET voluptates repudiandae sint ET molestiae non recusandae.
Itaque earum rerum hic tenETur a sapiente delectus, ut aut reiciendis voluptatibus maiores
alias consequatur aut perferendis doloribus asperiores repellat

Admin@DESKTOP-OJ58KBD MINGW64 ~/Desktop/IronHack/Main_Task/ironhack/IH-labs/lab-bash/lorem (master)
$ whomi
bash: whomi: command not found

Admin@DESKTOP-OJ58KBD MINGW64 ~/Desktop/IronHack/Main_Task/ironhack/IH-labs/lab-bash/lorem (master)
$ whoami
Admin

Admin@DESKTOP-OJ58KBD MINGW64 ~/Desktop/IronHack/Main_Task/ironhack/IH-labs/lab-bash/lorem (master)
$ pwd
/c/Users/Admin/Desktop/IronHack/Main_Task/ironhack/IH-labs/lab-bash/lorem

Admin@DESKTOP-OJ58KBD MINGW64 ~/Desktop/IronHack/Main_Task/ironhack/IH-labs/lab-bash/lorem (master)
$ ls *.txt
at.txt  lorem.txt  sed.txt

Admin@DESKTOP-OJ58KBD MINGW64 ~/Desktop/IronHack/Main_Task/ironhack/IH-labs/lab-bash/lorem (master)
$ wc -1 sed.txt
wc: unknown option -- 1
Try 'wc --help' for more information.

Admin@DESKTOP-OJ58KBD MINGW64 ~/Desktop/IronHack/Main_Task/ironhack/IH-labs/lab-bash/lorem (master)
$ wc -l sed.txt
9 sed.txt

Admin@DESKTOP-OJ58KBD MINGW64 ~/Desktop/IronHack/Main_Task/ironhack/IH-labs/lab-bash/lorem (master)
$ find / -name "lorem" -type f -exec grep -l "^" {} \; | wc -l
